01-21-2026 09:40:57 PM [Build] Installing collected packages: pytz, whitenoise, wcwidth, vine, urllib3, uritemplate, tzdata, typing_extensions, sqlparse, six, setuptools, rpds-py, redis, PyYAML, pyjwt, psycopg2-binary, pillow, packaging, jmespath, inflection, idna, django-pgcrypto-fields, django-environ, click, charset-normalizer, certifi, billiard, attrs, asgiref, requests, reportlab, referencing, python-dateutil, prompt-toolkit, gunicorn, Django, click-plugins, click-didyoumean, amqp, stripe, kombu, jsonschema-specifications, djangorestframework, django-storages, django-otp, django-filter, django-cors-headers, django-axes, click-repl, botocore, s3transfer, jsonschema, djangorestframework-simplejwt, celery, drf-spectacular, boto3
01-21-2026 09:40:57 PM [Build] Successfully installed Django-4.2.7 PyYAML-6.0.3 amqp-5.3.1 asgiref-3.11.0 attrs-25.4.0 billiard-4.2.4 boto3-1.34.0 botocore-1.34.162 celery-5.3.4 certifi-2026.1.4 charset-normalizer-3.4.4 click-8.3.1 click-didyoumean-0.3.1 click-plugins-1.1.1.2 click-repl-0.3.0 django-axes-6.1.1 django-cors-headers-4.3.0 django-environ-0.11.2 django-filter-23.3 django-otp-1.3.0 django-pgcrypto-fields-2.6.0 django-storages-1.14.2 djangorestframework-3.14.0 djangorestframework-simplejwt-5.3.0 drf-spectacular-0.26.5 gunicorn-21.2.0 idna-3.11 inflection-0.5.1 jmespath-1.0.1 jsonschema-4.26.0 jsonschema-specifications-2025.9.1 kombu-5.6.2 packaging-26.0 pillow-12.1.0 prompt-toolkit-3.0.52 psycopg2-binary-2.9.9 pyjwt-2.10.1 python-dateutil-2.9.0.post0 pytz-2025.2 redis-5.0.1 referencing-0.37.0 reportlab-4.4.9 requests-2.32.5 rpds-py-0.30.0 s3transfer-0.9.0 setuptools-80.10.1 six-1.17.0 sqlparse-0.5.5 stripe-14.2.0 typing_extensions-4.15.0 tzdata-2025.3 uritemplate-4.2.0 urllib3-2.6.3 vine-5.1.0 wcwidth-0.3.0 whitenoise-6.6.0
01-21-2026 09:40:57 PM [Build] [91mWARNING: Running pip as the 'root' user can result in broken permissions and conflicting behaviour with the system package manager. It is recommended to use a virtual environment instead: https://pip.pypa.io/warnings/venv
01-21-2026 09:40:57 PM [Build] [0m[91m
01-21-2026 09:40:57 PM [Build] [notice] A new release of pip is available: 24.0 -> 25.3
01-21-2026 09:40:57 PM [Build] [notice] To update, run: pip3 install --upgrade pip
01-21-2026 09:40:57 PM [Build] [0m[91mTraceback (most recent call last):
01-21-2026 09:40:57 PM [Build]   File "/app/manage.py", line 11, in main
01-21-2026 09:40:57 PM [Build] [0m[91m    from django.core.management import execute_from_command_line
01-21-2026 09:40:57 PM [Build] ModuleNotFoundError: No module named 'django'
01-21-2026 09:40:57 PM [Build] The above exception was the direct cause of the following exception:
01-21-2026 09:40:57 PM [Build] Traceback (most recent call last):
01-21-2026 09:40:57 PM [Build]   File "/app/manage.py", line 22, in <module>
01-21-2026 09:40:57 PM [Build] [0m[91m    main()
01-21-2026 09:40:57 PM [Build]   File "/app/manage.py", line 13, in main
01-21-2026 09:40:57 PM [Build] [0m[91m    raise ImportError(
01-21-2026 09:40:57 PM [Build] ImportError: Couldn't import Django. Are you sure it's installed and available on your PYTHONPATH environment variable? Did you forget to activate a virtual environment?
01-21-2026 09:40:57 PM [Build] [0mThe command '/bin/sh -c python3 -m pip install -r requirements.txt --target=/app/lib && python3 manage.py collectstatic --noinput' returned a non-zero code: 1
01-21-2026 09:40:58 PM [AppRunner] Failed to build your application source code. Reason: Failed to execute 'build' command.
01-21-2026 09:41:01 PM [AppRunner] Failed to deploy your application source code.